calling diamond1.run()
diamondbase called 1 time(s)
Calling diamond2.run()
diamondbase called 2 time(s)
