import_moduleb.moduleb_fn()
import_moduled.moduled_fn()
calling module a now...
import_modulea.modulea_fn()
