foo
imported.modulec.foo()
imported.modules.submodules.modulea.foo()
