a is in list
b is in list
99 is not in list
0 is not in list
z is not in list
c is in list
