244
248
246
3936
984
234460
196828
199124
614
615
307.5
23
12167
