b in a - correct
1 in a - correct
3 not in a - correct
x not in a - correct
