x < y - correct
y <= y2 - correct
not z < x - correct
y <= z - correct
