----
1
2
3
4
a
b
7
----
1
2
z
a
b
7
----
abc
def
abc
def
z
a
b
7
