def
abc
rst
abc in mydict
def not in mydict
xyz in mydict
