19
32
45
58
71
84
97
110
123
136
149
162
175
188
201
214
227
240
253
266
279
292
305
318
331
