0 1 2 x<y<z
0 1 3 x<y<z
0 1 4 x<y<z
0 2 3 x<y<z
0 2 4 x<y<z
0 3 4 x<y<z
1 2 3 x<y<z
1 2 4 x<y<z
1 3 4 x<y<z
2 3 4 x<y<z
