aaa says:12
b says:20
2,3,4,c says:31
---
aaa says:12
b says:20
c says:31
