foo says:12
foo says:20
foo says:31
---
foo says:12
foo says:20
foo says:31
