a1 static method msg says:hello
a1 static method msg says:world
