baseklass.describe:hello:10
baseklass.describe2:hello:somestring
klass.describe:world
