the quick brown fox jumped over thethe lazy dog
a quick brown fox jumped over aa lazy dog
