the




quick
brown
fox
jumped
over
the
lazy
dog
th
     quick brown fox jump
d ov
r th
 lazy dog
the
quick
brown
fox
jumped
over
the
lazy
dog
