%x: 0
%020x: 00000000000000000000
%X: 0
%020X: 00000000000000000000
%-20x: 0                   
%#x: 0x0
%x: a
%020x: 0000000000000000000a
%X: A
%020X: 0000000000000000000A
%-20x: a                   
%#x: 0xa
%x: -1e
%020x: -000000000000000001e
%X: -1E
%020X: -000000000000000001E
%-20x: -1e                 
%#x: -0x1e
%x: 2a4bf
%020x: 0000000000000002a4bf
%X: 2A4BF
%020X: 0000000000000002A4BF
%-20x: 2a4bf               
%#x: 0x2a4bf
%x: 7b
%020x: 0000000000000000007b
%X: 7B
%020X: 0000000000000000007B
%-20x: 7b                  
%#x: 0x7b
%x: 12f879a
%020x: 000000000000012f879a
%X: 12F879A
%020X: 000000000000012F879A
%-20x: 12f879a             
%#x: 0x12f879a
