b=d
b,c,d=d+d+d
b=(b)0d and c=(c)d and d=(d)d
e=020d e=+d e=20d e=-20d (e=- 20d)
