b=i
b,c,d=i+i+i
b=(b)i and c=(c)i and d=(d)i
e=020i e=+i e=20i e=-20i (e=- 20i)
