%o: o
%020o: 020o
%-20o: -20o
%#o: #o
+%o: +o
+%#o: +#o
%o: o
%020o: 020o
%-20o: -20o
%#o: #o
+%o: +o
+%#o: +#o
%o: o
%020o: 020o
%-20o: -20o
%#o: #o
+%o: +o
+%#o: +#o
%o: o
%020o: 020o
%-20o: -20o
%#o: #o
+%o: +o
+%#o: +#o
%o: o
%020o: 020o
%-20o: -20o
%#o: #o
+%o: +o
+%#o: +#o
%o: o
%020o: 020o
%-20o: -20o
%#o: #o
+%o: +o
+%#o: +#o
