%o: 0
%020o: 00000000000000000000
%-20o: 0                   
%#o: 0
+%o: +0
+%#o: +0
%o: 12
%020o: 00000000000000000012
%-20o: 12                  
%#o: 012
+%o: +12
+%#o: +012
%o: -36
%020o: -0000000000000000036
%-20o: -36                 
%#o: -036
+%o: +-36
+%#o: +-036
%o: 522277
%020o: 00000000000000522277
%-20o: 522277              
%#o: 0522277
+%o: +522277
+%#o: +0522277
%o: 173
%020o: 00000000000000000173
%-20o: 173                 
%#o: 0173
+%o: +173
+%#o: +0173
%o: 113703632
%020o: 00000000000113703632
%-20o: 113703632           
%#o: 0113703632
+%o: +113703632
+%#o: +0113703632
