a=%e: a=e
a=%e: a=e
a=%e: a=e
a=%e: a=e
a=%e: a=e
a=%e: a=e
a=%10.5e: a=10.5e
a=%10.5e: a=10.5e
a=%10.5e: a=10.5e
a=%10.5e: a=10.5e
a=%10.5e: a=10.5e
a=%10.5e: a=10.5e
a=%+10.5e: a=+10.5e
a=%+10.5e: a=+10.5e
a=%+10.5e: a=+10.5e
a=%+10.5e: a=+10.5e
a=%+10.5e: a=+10.5e
a=%+10.5e: a=+10.5e
a=%#e: a=#e
a=%#e: a=#e
a=%#e: a=#e
a=%#e: a=#e
a=%#e: a=#e
a=%#e: a=#e
a=%E: a=E
a=%E: a=E
a=%E: a=E
a=%E: a=E
a=%E: a=E
a=%E: a=E
a=%10.5E: a=10.5E
a=%10.5E: a=10.5E
a=%10.5E: a=10.5E
a=%10.5E: a=10.5E
a=%10.5E: a=10.5E
a=%10.5E: a=10.5E
a=%+10.5E: a=+10.5E
a=%+10.5E: a=+10.5E
a=%+10.5E: a=+10.5E
a=%+10.5E: a=+10.5E
a=%+10.5E: a=+10.5E
a=%+10.5E: a=+10.5E
a=%#E: a=#E
a=%#E: a=#E
a=%#E: a=#E
a=%#E: a=#E
a=%#E: a=#E
a=%#E: a=#E
a=%f: a=f
a=%f: a=f
a=%f: a=f
a=%f: a=f
a=%f: a=f
a=%f: a=f
a=%10.5f: a=10.5f
a=%10.5f: a=10.5f
a=%10.5f: a=10.5f
a=%10.5f: a=10.5f
a=%10.5f: a=10.5f
a=%10.5f: a=10.5f
a=%+10.5f: a=+10.5f
a=%+10.5f: a=+10.5f
a=%+10.5f: a=+10.5f
a=%+10.5f: a=+10.5f
a=%+10.5f: a=+10.5f
a=%+10.5f: a=+10.5f
a=%#f: a=#f
a=%#f: a=#f
a=%#f: a=#f
a=%#f: a=#f
a=%#f: a=#f
a=%#f: a=#f
a=%F: a=F
a=%F: a=F
a=%F: a=F
a=%F: a=F
a=%F: a=F
a=%F: a=F
a=%10.5F: a=10.5F
a=%10.5F: a=10.5F
a=%10.5F: a=10.5F
a=%10.5F: a=10.5F
a=%10.5F: a=10.5F
a=%10.5F: a=10.5F
a=%+10.5F: a=+10.5F
a=%+10.5F: a=+10.5F
a=%+10.5F: a=+10.5F
a=%+10.5F: a=+10.5F
a=%+10.5F: a=+10.5F
a=%+10.5F: a=+10.5F
a=%#F: a=#F
a=%#F: a=#F
a=%#F: a=#F
a=%#F: a=#F
a=%#F: a=#F
a=%#F: a=#F
a=%g: a=g
a=%g: a=g
a=%g: a=g
a=%g: a=g
a=%g: a=g
a=%g: a=g
a=%10.5g: a=10.5g
a=%10.5g: a=10.5g
a=%10.5g: a=10.5g
a=%10.5g: a=10.5g
a=%10.5g: a=10.5g
a=%10.5g: a=10.5g
a=%+10.5g: a=+10.5g
a=%+10.5g: a=+10.5g
a=%+10.5g: a=+10.5g
a=%+10.5g: a=+10.5g
a=%+10.5g: a=+10.5g
a=%+10.5g: a=+10.5g
a=%#g: a=#g
a=%#g: a=#g
a=%#g: a=#g
a=%#g: a=#g
a=%#g: a=#g
a=%#g: a=#g
a=%G: a=G
a=%G: a=G
a=%G: a=G
a=%G: a=G
a=%G: a=G
a=%G: a=G
a=%10.5G: a=10.5G
a=%10.5G: a=10.5G
a=%10.5G: a=10.5G
a=%10.5G: a=10.5G
a=%10.5G: a=10.5G
a=%10.5G: a=10.5G
a=%+10.5G: a=+10.5G
a=%+10.5G: a=+10.5G
a=%+10.5G: a=+10.5G
a=%+10.5G: a=+10.5G
a=%+10.5G: a=+10.5G
a=%+10.5G: a=+10.5G
a=%#G: a=#G
a=%#G: a=#G
a=%#G: a=#G
a=%#G: a=#G
a=%#G: a=#G
a=%#G: a=#G
