b=u
b,c,d=u+u+u
b=(b)0u and c=(c)u and d=(d)u
e=020u e=+u e=20u e=-20u (e=- 20u)
