a=%e: a=1.123456e+00
a=%e: a=3.243240e-10
a=%e: a=1.834789e+07
a=%e: a=0.000000e+00
a=%e: a=-1.324323e+06
a=%e: a=-1.989212e-11
a=%10.5e: a=1.12346e+00
a=%10.5e: a=3.24324e-10
a=%10.5e: a=1.83479e+07
a=%10.5e: a=0.00000e+00
a=%10.5e: a=-1.32432e+06
a=%10.5e: a=-1.98921e-11
a=%+10.5e: a=+1.12346e+00
a=%+10.5e: a=+3.24324e-10
a=%+10.5e: a=+1.83479e+07
a=%+10.5e: a=+0.00000e+00
a=%+10.5e: a=-1.32432e+06
a=%+10.5e: a=-1.98921e-11
a=%#e: a=1.123456e+00
a=%#e: a=3.243240e-10
a=%#e: a=1.834789e+07
a=%#e: a=0.000000e+00
a=%#e: a=-1.324323e+06
a=%#e: a=-1.989212e-11
a=%E: a=1.123456E+00
a=%E: a=3.243240E-10
a=%E: a=1.834789E+07
a=%E: a=0.000000E+00
a=%E: a=-1.324323E+06
a=%E: a=-1.989212E-11
a=%10.5E: a=1.12346E+00
a=%10.5E: a=3.24324E-10
a=%10.5E: a=1.83479E+07
a=%10.5E: a=0.00000E+00
a=%10.5E: a=-1.32432E+06
a=%10.5E: a=-1.98921E-11
a=%+10.5E: a=+1.12346E+00
a=%+10.5E: a=+3.24324E-10
a=%+10.5E: a=+1.83479E+07
a=%+10.5E: a=+0.00000E+00
a=%+10.5E: a=-1.32432E+06
a=%+10.5E: a=-1.98921E-11
a=%#E: a=1.123456E+00
a=%#E: a=3.243240E-10
a=%#E: a=1.834789E+07
a=%#E: a=0.000000E+00
a=%#E: a=-1.324323E+06
a=%#E: a=-1.989212E-11
a=%f: a=1.123456
a=%f: a=0.000000
a=%f: a=18347894.213123
a=%f: a=0.000000
a=%f: a=-1324323.456000
a=%f: a=-0.000000
a=%10.5f: a=   1.12346
a=%10.5f: a=   0.00000
a=%10.5f: a=18347894.21312
a=%10.5f: a=   0.00000
a=%10.5f: a=-1324323.45600
a=%10.5f: a=  -0.00000
a=%+10.5f: a=  +1.12346
a=%+10.5f: a=  +0.00000
a=%+10.5f: a=+18347894.21312
a=%+10.5f: a=  +0.00000
a=%+10.5f: a=-1324323.45600
a=%+10.5f: a=  -0.00000
a=%#f: a=1.123456
a=%#f: a=0.000000
a=%#f: a=18347894.213123
a=%#f: a=0.000000
a=%#f: a=-1324323.456000
a=%#f: a=-0.000000
a=%F: a=1.123456
a=%F: a=0.000000
a=%F: a=18347894.213123
a=%F: a=0.000000
a=%F: a=-1324323.456000
a=%F: a=-0.000000
a=%10.5F: a=   1.12346
a=%10.5F: a=   0.00000
a=%10.5F: a=18347894.21312
a=%10.5F: a=   0.00000
a=%10.5F: a=-1324323.45600
a=%10.5F: a=  -0.00000
a=%+10.5F: a=  +1.12346
a=%+10.5F: a=  +0.00000
a=%+10.5F: a=+18347894.21312
a=%+10.5F: a=  +0.00000
a=%+10.5F: a=-1324323.45600
a=%+10.5F: a=  -0.00000
a=%#F: a=1.123456
a=%#F: a=0.000000
a=%#F: a=18347894.213123
a=%#F: a=0.000000
a=%#F: a=-1324323.456000
a=%#F: a=-0.000000
a=%g: a=1.12346
a=%g: a=3.24324e-10
a=%g: a=1.83479e+07
a=%g: a=0
a=%g: a=-1.32432e+06
a=%g: a=-1.98921e-11
a=%10.5g: a=    1.1235
a=%10.5g: a=3.2432e-10
a=%10.5g: a=1.8348e+07
a=%10.5g: a=         0
a=%10.5g: a=-1.3243e+06
a=%10.5g: a=-1.9892e-11
a=%+10.5g: a=   +1.1235
a=%+10.5g: a=+3.2432e-10
a=%+10.5g: a=+1.8348e+07
a=%+10.5g: a=        +0
a=%+10.5g: a=-1.3243e+06
a=%+10.5g: a=-1.9892e-11
a=%#g: a=1.12346
a=%#g: a=3.24324e-10
a=%#g: a=1.83479e+07
a=%#g: a=0.00000
a=%#g: a=-1.32432e+06
a=%#g: a=-1.98921e-11
a=%G: a=1.12346
a=%G: a=3.24324E-10
a=%G: a=1.83479E+07
a=%G: a=0
a=%G: a=-1.32432E+06
a=%G: a=-1.98921E-11
a=%10.5G: a=    1.1235
a=%10.5G: a=3.2432E-10
a=%10.5G: a=1.8348E+07
a=%10.5G: a=         0
a=%10.5G: a=-1.3243E+06
a=%10.5G: a=-1.9892E-11
a=%+10.5G: a=   +1.1235
a=%+10.5G: a=+3.2432E-10
a=%+10.5G: a=+1.8348E+07
a=%+10.5G: a=        +0
a=%+10.5G: a=-1.3243E+06
a=%+10.5G: a=-1.9892E-11
a=%#G: a=1.12346
a=%#G: a=3.24324E-10
a=%#G: a=1.83479E+07
a=%#G: a=0.00000
a=%#G: a=-1.32432E+06
a=%#G: a=-1.98921E-11
