b=10
b,c,d=10+-30+34
b=10 and c=-30 and d=34
e=00000000000000000123 e=+123 e=                 123 e=123                  (e= 123                )
