%x: x
%020x: 020x
%X: X
%020X: 020X
%-20x: -20x
%#x: #x
%x: x
%020x: 020x
%X: X
%020X: 020X
%-20x: -20x
%#x: #x
%x: x
%020x: 020x
%X: X
%020X: 020X
%-20x: -20x
%#x: #x
%x: x
%020x: 020x
%X: X
%020X: 020X
%-20x: -20x
%#x: #x
%x: x
%020x: 020x
%X: X
%020X: 020X
%-20x: -20x
%#x: #x
%x: x
%020x: 020x
%X: X
%020X: 020X
%-20x: -20x
%#x: #x
