original(

abc


)
strip(abc)
original(	 abc
	 
)
strip(abc)
original( abc )
strip(abc)
